------------------------------------------------------------
TimeQuest Timing Analyzer Summary
------------------------------------------------------------

Type  : Slow 1200mV 85C Model Setup 'ADC_CLK_10'
Slack : 3.206
TNS   : 0.000

Type  : Slow 1200mV 85C Model Setup 'inst|altpll_component|auto_generated|pll1|clk[0]'
Slack : 11.344
TNS   : 0.000

Type  : Slow 1200mV 85C Model Setup 'altera_reserved_tck'
Slack : 42.190
TNS   : 0.000

Type  : Slow 1200mV 85C Model Setup 'inst|altpll_component|auto_generated|pll1|clk[1]'
Slack : 33330.916
TNS   : 0.000

Type  : Slow 1200mV 85C Model Hold 'ADC_CLK_10'
Slack : 0.169
TNS   : 0.000

Type  : Slow 1200mV 85C Model Hold 'altera_reserved_tck'
Slack : 0.323
TNS   : 0.000

Type  : Slow 1200mV 85C Model Hold 'inst|altpll_component|auto_generated|pll1|clk[1]'
Slack : 0.330
TNS   : 0.000

Type  : Slow 1200mV 85C Model Hold 'inst|altpll_component|auto_generated|pll1|clk[0]'
Slack : 0.331
TNS   : 0.000

Type  : Slow 1200mV 85C Model Recovery 'ADC_CLK_10'
Slack : 94.265
TNS   : 0.000

Type  : Slow 1200mV 85C Model Recovery 'altera_reserved_tck'
Slack : 95.603
TNS   : 0.000

Type  : Slow 1200mV 85C Model Removal 'ADC_CLK_10'
Slack : 0.888
TNS   : 0.000

Type  : Slow 1200mV 85C Model Removal 'altera_reserved_tck'
Slack : 1.047
TNS   : 0.000

Type  : Slow 1200mV 85C Model Minimum Pulse Width 'MAX10_CLK1_50'
Slack : 9.730
TNS   : 0.000

Type  : Slow 1200mV 85C Model Minimum Pulse Width 'inst|altpll_component|auto_generated|pll1|clk[0]'
Slack : 19.733
TNS   : 0.000

Type  : Slow 1200mV 85C Model Minimum Pulse Width 'inst1|altpll_0|sd1|pll7|clk[0]'
Slack : 44.375
TNS   : 0.000

Type  : Slow 1200mV 85C Model Minimum Pulse Width 'ADC_CLK_10'
Slack : 49.468
TNS   : 0.000

Type  : Slow 1200mV 85C Model Minimum Pulse Width 'altera_reserved_tck'
Slack : 49.574
TNS   : 0.000

Type  : Slow 1200mV 85C Model Minimum Pulse Width 'inst|altpll_component|auto_generated|pll1|clk[1]'
Slack : 16666.393
TNS   : 0.000

Type  : Slow 1200mV 0C Model Setup 'ADC_CLK_10'
Slack : 3.266
TNS   : 0.000

Type  : Slow 1200mV 0C Model Setup 'inst|altpll_component|auto_generated|pll1|clk[0]'
Slack : 11.535
TNS   : 0.000

Type  : Slow 1200mV 0C Model Setup 'altera_reserved_tck'
Slack : 42.932
TNS   : 0.000

Type  : Slow 1200mV 0C Model Setup 'inst|altpll_component|auto_generated|pll1|clk[1]'
Slack : 33331.124
TNS   : 0.000

Type  : Slow 1200mV 0C Model Hold 'ADC_CLK_10'
Slack : 0.179
TNS   : 0.000

Type  : Slow 1200mV 0C Model Hold 'altera_reserved_tck'
Slack : 0.293
TNS   : 0.000

Type  : Slow 1200mV 0C Model Hold 'inst|altpll_component|auto_generated|pll1|clk[0]'
Slack : 0.299
TNS   : 0.000

Type  : Slow 1200mV 0C Model Hold 'inst|altpll_component|auto_generated|pll1|clk[1]'
Slack : 0.299
TNS   : 0.000

Type  : Slow 1200mV 0C Model Recovery 'ADC_CLK_10'
Slack : 94.825
TNS   : 0.000

Type  : Slow 1200mV 0C Model Recovery 'altera_reserved_tck'
Slack : 95.977
TNS   : 0.000

Type  : Slow 1200mV 0C Model Removal 'ADC_CLK_10'
Slack : 0.823
TNS   : 0.000

Type  : Slow 1200mV 0C Model Removal 'altera_reserved_tck'
Slack : 0.968
TNS   : 0.000

Type  : Slow 1200mV 0C Model Minimum Pulse Width 'MAX10_CLK1_50'
Slack : 9.764
TNS   : 0.000

Type  : Slow 1200mV 0C Model Minimum Pulse Width 'inst|altpll_component|auto_generated|pll1|clk[0]'
Slack : 19.721
TNS   : 0.000

Type  : Slow 1200mV 0C Model Minimum Pulse Width 'inst1|altpll_0|sd1|pll7|clk[0]'
Slack : 44.379
TNS   : 0.000

Type  : Slow 1200mV 0C Model Minimum Pulse Width 'ADC_CLK_10'
Slack : 49.481
TNS   : 0.000

Type  : Slow 1200mV 0C Model Minimum Pulse Width 'altera_reserved_tck'
Slack : 49.599
TNS   : 0.000

Type  : Slow 1200mV 0C Model Minimum Pulse Width 'inst|altpll_component|auto_generated|pll1|clk[1]'
Slack : 16666.381
TNS   : 0.000

Type  : Fast 1200mV 0C Model Setup 'ADC_CLK_10'
Slack : 3.575
TNS   : 0.000

Type  : Fast 1200mV 0C Model Setup 'inst|altpll_component|auto_generated|pll1|clk[0]'
Slack : 12.321
TNS   : 0.000

Type  : Fast 1200mV 0C Model Setup 'altera_reserved_tck'
Slack : 46.344
TNS   : 0.000

Type  : Fast 1200mV 0C Model Setup 'inst|altpll_component|auto_generated|pll1|clk[1]'
Slack : 33332.184
TNS   : 0.000

Type  : Fast 1200mV 0C Model Hold 'ADC_CLK_10'
Slack : 0.065
TNS   : 0.000

Type  : Fast 1200mV 0C Model Hold 'altera_reserved_tck'
Slack : 0.147
TNS   : 0.000

Type  : Fast 1200mV 0C Model Hold 'inst|altpll_component|auto_generated|pll1|clk[0]'
Slack : 0.151
TNS   : 0.000

Type  : Fast 1200mV 0C Model Hold 'inst|altpll_component|auto_generated|pll1|clk[1]'
Slack : 0.151
TNS   : 0.000

Type  : Fast 1200mV 0C Model Recovery 'ADC_CLK_10'
Slack : 96.933
TNS   : 0.000

Type  : Fast 1200mV 0C Model Recovery 'altera_reserved_tck'
Slack : 97.822
TNS   : 0.000

Type  : Fast 1200mV 0C Model Removal 'ADC_CLK_10'
Slack : 0.411
TNS   : 0.000

Type  : Fast 1200mV 0C Model Removal 'altera_reserved_tck'
Slack : 0.483
TNS   : 0.000

Type  : Fast 1200mV 0C Model Minimum Pulse Width 'MAX10_CLK1_50'
Slack : 9.526
TNS   : 0.000

Type  : Fast 1200mV 0C Model Minimum Pulse Width 'inst|altpll_component|auto_generated|pll1|clk[0]'
Slack : 19.777
TNS   : 0.000

Type  : Fast 1200mV 0C Model Minimum Pulse Width 'inst1|altpll_0|sd1|pll7|clk[0]'
Slack : 44.903
TNS   : 0.000

Type  : Fast 1200mV 0C Model Minimum Pulse Width 'ADC_CLK_10'
Slack : 49.267
TNS   : 0.000

Type  : Fast 1200mV 0C Model Minimum Pulse Width 'altera_reserved_tck'
Slack : 49.417
TNS   : 0.000

Type  : Fast 1200mV 0C Model Minimum Pulse Width 'inst|altpll_component|auto_generated|pll1|clk[1]'
Slack : 16666.449
TNS   : 0.000

------------------------------------------------------------
